
> pagflow@0.1.0 build
> next build

Ôû▓ Next.js 16.1.6 (Turbopack)
- Environments: .env

  Creating an optimized production build ...
Ô£ô Compiled successfully in 18.2s
  Running TypeScript ...
node.exe : Failed to compile.
No C:\Program Files\nodejs\npm.ps1:29 caractere:3
+   & $NODE_EXE $NPM_CLI_JS $args
+   ~~~~~~~~~~~~~~~~~~~~~~~~~~~~~
    + CategoryInfo          : NotSpecified: (Failed to compile.:String) [], RemoteException
    + FullyQualifiedErrorId : NativeCommandError
 

./src/app/admin/ordem/page.tsx:107:32
Type error: Parameter 'bump' implicitly has an 'any' type.

[0m [90m 105 |[39m                     [33m<[39m[33m/[39m[33mdiv[39m[33m>[39m
 [90m 106 |[39m                 ) [33m:[39m (
[31m[1m>[22m[39m[90m 107 |[39m                     bumps[33m.[39mmap((bump) [33m=>[39m (
 [90m     |[39m                                [31m[1m^[22m[39m
 [90m 108 |[39m                         [33m<[39m[33mdiv[39m key[33m=[39m{bump[33m.[39mid} 
className[33m=[39m[32m"glass-card"[39m style[33m=[39m{{ display[33m:[39m [32m'flex'[39m[33m,[39m 
alignItems[33m:[39m [32m'center'[39m[33m,[39m justifyContent[33m:[39m [32m'space-between'[39m[33m,[39m 
padding[33m:[39m [32m'1.25rem'[39m }}[33m>[39m
 [90m 109 |[39m                             [33m<[39m[33mdiv[39m style[33m=[39m{{ display[33m:[39m 
[32m'flex'[39m[33m,[39m alignItems[33m:[39m [32m'center'[39m[33m,[39m gap[33m:[39m [32m'1.5rem'[39m 
}}[33m>[39m
 [90m 110 |[39m                                 [33m<[39m[33mdiv[39m style[33m=[39m{{[0m
Next.js build worker exited with code: 1 and signal: null
